<?xml version="1.0" encoding="utf-8"?>
<TestRun id="cf2bc16f-50ae-4602-aa24-e6d9200d5456" name="@buildkitsandbox 2022-06-07 16:40:40" xmlns="http://microsoft.com/schemas/VisualStudio/TeamTest/2010">
  <Times creation="2022-06-07T16:40:40.3521631+00:00" queuing="2022-06-07T16:40:40.3521631+00:00" start="2022-06-07T16:40:39.4764837+00:00" finish="2022-06-07T16:40:40.3861717+00:00" />
  <TestSettings name="default" id="6b738370-319f-420b-ad05-c00004f9960f">
    <Deployment runDeploymentRoot="_buildkitsandbox_2022-06-07_16_40_40" />
  </TestSettings>
  <Results>
    <UnitTestResult executionId="d73d34d9-6492-4b59-b915-c0c78bad15f5" testId="2a071371-496d-21e2-8be6-6196a3d594bd" testName="XunitCalculator.CalculatorXunitTests.Add_Theory(value1: 1, value2: 2, expect: 3)" computerName="buildkitsandbox" duration="00:00:00.0027829" startTime="2022-06-07T16:40:40.3128210+00:00" endTime="2022-06-07T16:40:40.3128354+00:00" testType="13cdc9d9-ddb5-4fa4-a97d-d965ccfc6d4b" outcome="Passed" testListId="8c84fa94-04c1-424b-9868-57a2d4851a1d" relativeResultsDirectory="d73d34d9-6492-4b59-b915-c0c78bad15f5" />
    <UnitTestResult executionId="b2a12e75-c05b-4a77-b62d-bd041e585b57" testId="f0fc99a4-fb5b-141b-8f11-bec7cc72d8fc" testName="XunitCalculator.CalculatorXunitTests.Add_Theory(value1: -2, value2: 2, expect: 0)" computerName="buildkitsandbox" duration="00:00:00.0000102" startTime="2022-06-07T16:40:40.3154933+00:00" endTime="2022-06-07T16:40:40.3154933+00:00" testType="13cdc9d9-ddb5-4fa4-a97d-d965ccfc6d4b" outcome="Passed" testListId="8c84fa94-04c1-424b-9868-57a2d4851a1d" relativeResultsDirectory="b2a12e75-c05b-4a77-b62d-bd041e585b57" />
    <UnitTestResult executionId="48160d47-1d90-441d-9808-2ed30819b158" testId="50aac7f1-8d78-cdca-4a89-4535466fe633" testName="XunitCalculator.CalculatorXunitTests.DivideFloatPoint" computerName="buildkitsandbox" duration="00:00:00.0015421" startTime="2022-06-07T16:40:40.3155884+00:00" endTime="2022-06-07T16:40:40.3155884+00:00" testType="13cdc9d9-ddb5-4fa4-a97d-d965ccfc6d4b" outcome="Passed" testListId="8c84fa94-04c1-424b-9868-57a2d4851a1d" relativeResultsDirectory="48160d47-1d90-441d-9808-2ed30819b158" />
    <UnitTestResult executionId="378117a1-3dba-4a03-8dff-5b4060999203" testId="328c0374-0fdb-e365-89ce-f7f00add9d08" testName="XunitCalculator.CalculatorXunitTests.Subtract_TwoInt_ReturnValue" computerName="buildkitsandbox" duration="00:00:00.0000446" startTime="2022-06-07T16:40:40.3155682+00:00" endTime="2022-06-07T16:40:40.3155682+00:00" testType="13cdc9d9-ddb5-4fa4-a97d-d965ccfc6d4b" outcome="Passed" testListId="8c84fa94-04c1-424b-9868-57a2d4851a1d" relativeResultsDirectory="378117a1-3dba-4a03-8dff-5b4060999203" />
    <UnitTestResult executionId="7acd789f-5e4a-4b40-810a-8d9c081805c1" testId="ed5f3631-fbe0-005e-17c4-caf7c29efb11" testName="XunitCalculator.CalculatorXunitTests.Test_is_running_in_linux_container" computerName="buildkitsandbox" duration="00:00:00.0001138" startTime="2022-06-07T16:40:40.3156052+00:00" endTime="2022-06-07T16:40:40.3156052+00:00" testType="13cdc9d9-ddb5-4fa4-a97d-d965ccfc6d4b" outcome="Passed" testListId="8c84fa94-04c1-424b-9868-57a2d4851a1d" relativeResultsDirectory="7acd789f-5e4a-4b40-810a-8d9c081805c1" />
    <UnitTestResult executionId="cd9907a1-85fc-453f-9646-ca2fac366051" testId="80fb8b4f-31a9-141e-d681-52a54611ea44" testName="XunitCalculator.CalculatorXunitTests.Add_TwoInt_ReturnValue" computerName="buildkitsandbox" duration="00:00:00.0000260" startTime="2022-06-07T16:40:40.3345922+00:00" endTime="2022-06-07T16:40:40.3345923+00:00" testType="13cdc9d9-ddb5-4fa4-a97d-d965ccfc6d4b" outcome="Passed" testListId="8c84fa94-04c1-424b-9868-57a2d4851a1d" relativeResultsDirectory="cd9907a1-85fc-453f-9646-ca2fac366051" />
    <UnitTestResult executionId="a8447ab9-de2f-4f82-94c4-0b6821222239" testId="597dd739-9412-5b03-ec0b-4efb542d8e2a" testName="XunitCalculator.CalculatorXunitTests.Add_Theory(value1: 2, value2: 3, expect: 5)" computerName="buildkitsandbox" duration="00:00:00.0000020" startTime="2022-06-07T16:40:40.3155260+00:00" endTime="2022-06-07T16:40:40.3155261+00:00" testType="13cdc9d9-ddb5-4fa4-a97d-d965ccfc6d4b" outcome="Passed" testListId="8c84fa94-04c1-424b-9868-57a2d4851a1d" relativeResultsDirectory="a8447ab9-de2f-4f82-94c4-0b6821222239" />
    <UnitTestResult executionId="7fb77234-2e26-49c9-b41f-afada329d3d6" testId="95de0467-1e67-73a4-5c5e-345052979729" testName="XunitCalculator.CalculatorXunitTests.Add_Theory(value1: -2147483648, value2: -1, expect: 2147483647)" computerName="buildkitsandbox" duration="00:00:00.0000016" startTime="2022-06-07T16:40:40.3155425+00:00" endTime="2022-06-07T16:40:40.3155425+00:00" testType="13cdc9d9-ddb5-4fa4-a97d-d965ccfc6d4b" outcome="Passed" testListId="8c84fa94-04c1-424b-9868-57a2d4851a1d" relativeResultsDirectory="7fb77234-2e26-49c9-b41f-afada329d3d6" />
    <UnitTestResult executionId="713f5e65-056b-4ec0-9e2f-7d4b91d20542" testId="e2c1ce19-9dbd-6d4a-99b8-377e982158bf" testName="XunitCalculator.CalculatorXunitTests.Multply_TwoInt_ReturnValue" computerName="buildkitsandbox" duration="00:00:00.0000484" startTime="2022-06-07T16:40:40.3156214+00:00" endTime="2022-06-07T16:40:40.3156214+00:00" testType="13cdc9d9-ddb5-4fa4-a97d-d965ccfc6d4b" outcome="Passed" testListId="8c84fa94-04c1-424b-9868-57a2d4851a1d" relativeResultsDirectory="713f5e65-056b-4ec0-9e2f-7d4b91d20542" />
    <UnitTestResult executionId="c6c581fc-b527-4fe3-b444-50cfa0c80ee0" testId="4b47dd48-ed7c-25b7-b0b9-3bd6538dba20" testName="XunitCalculator.CalculatorXunitTests.Divide_TwoInt_ReturnValue" computerName="buildkitsandbox" duration="00:00:00.0000419" startTime="2022-06-07T16:40:40.3156376+00:00" endTime="2022-06-07T16:40:40.3156377+00:00" testType="13cdc9d9-ddb5-4fa4-a97d-d965ccfc6d4b" outcome="Passed" testListId="8c84fa94-04c1-424b-9868-57a2d4851a1d" relativeResultsDirectory="c6c581fc-b527-4fe3-b444-50cfa0c80ee0" />
  </Results>
  <TestDefinitions>
    <UnitTest name="XunitCalculator.CalculatorXunitTests.Add_TwoInt_ReturnValue" storage="/app/bin/release/net6.0/xunitcalculator.dll" id="80fb8b4f-31a9-141e-d681-52a54611ea44">
      <Execution id="cd9907a1-85fc-453f-9646-ca2fac366051" />
      <TestMethod codeBase="/app/bin/Release/net6.0/XunitCalculator.dll" adapterTypeName="executor://xunit/VsTestRunner2/netcoreapp" className="XunitCalculator.CalculatorXunitTests" name="Add_TwoInt_ReturnValue" />
    </UnitTest>
    <UnitTest name="XunitCalculator.CalculatorXunitTests.Subtract_TwoInt_ReturnValue" storage="/app/bin/release/net6.0/xunitcalculator.dll" id="328c0374-0fdb-e365-89ce-f7f00add9d08">
      <Execution id="378117a1-3dba-4a03-8dff-5b4060999203" />
      <TestMethod codeBase="/app/bin/Release/net6.0/XunitCalculator.dll" adapterTypeName="executor://xunit/VsTestRunner2/netcoreapp" className="XunitCalculator.CalculatorXunitTests" name="Subtract_TwoInt_ReturnValue" />
    </UnitTest>
    <UnitTest name="XunitCalculator.CalculatorXunitTests.DivideFloatPoint" storage="/app/bin/release/net6.0/xunitcalculator.dll" id="50aac7f1-8d78-cdca-4a89-4535466fe633">
      <Execution id="48160d47-1d90-441d-9808-2ed30819b158" />
      <TestMethod codeBase="/app/bin/Release/net6.0/XunitCalculator.dll" adapterTypeName="executor://xunit/VsTestRunner2/netcoreapp" className="XunitCalculator.CalculatorXunitTests" name="DivideFloatPoint" />
    </UnitTest>
    <UnitTest name="XunitCalculator.CalculatorXunitTests.Add_Theory(value1: 1, value2: 2, expect: 3)" storage="/app/bin/release/net6.0/xunitcalculator.dll" id="2a071371-496d-21e2-8be6-6196a3d594bd">
      <Execution id="d73d34d9-6492-4b59-b915-c0c78bad15f5" />
      <TestMethod codeBase="/app/bin/Release/net6.0/XunitCalculator.dll" adapterTypeName="executor://xunit/VsTestRunner2/netcoreapp" className="XunitCalculator.CalculatorXunitTests" name="Add_Theory" />
    </UnitTest>
    <UnitTest name="XunitCalculator.CalculatorXunitTests.Multply_TwoInt_ReturnValue" storage="/app/bin/release/net6.0/xunitcalculator.dll" id="e2c1ce19-9dbd-6d4a-99b8-377e982158bf">
      <Execution id="713f5e65-056b-4ec0-9e2f-7d4b91d20542" />
      <TestMethod codeBase="/app/bin/Release/net6.0/XunitCalculator.dll" adapterTypeName="executor://xunit/VsTestRunner2/netcoreapp" className="XunitCalculator.CalculatorXunitTests" name="Multply_TwoInt_ReturnValue" />
    </UnitTest>
    <UnitTest name="XunitCalculator.CalculatorXunitTests.Divide_TwoInt_ReturnValue" storage="/app/bin/release/net6.0/xunitcalculator.dll" id="4b47dd48-ed7c-25b7-b0b9-3bd6538dba20">
      <Execution id="c6c581fc-b527-4fe3-b444-50cfa0c80ee0" />
      <TestMethod codeBase="/app/bin/Release/net6.0/XunitCalculator.dll" adapterTypeName="executor://xunit/VsTestRunner2/netcoreapp" className="XunitCalculator.CalculatorXunitTests" name="Divide_TwoInt_ReturnValue" />
    </UnitTest>
    <UnitTest name="XunitCalculator.CalculatorXunitTests.Add_Theory(value1: -2, value2: 2, expect: 0)" storage="/app/bin/release/net6.0/xunitcalculator.dll" id="f0fc99a4-fb5b-141b-8f11-bec7cc72d8fc">
      <Execution id="b2a12e75-c05b-4a77-b62d-bd041e585b57" />
      <TestMethod codeBase="/app/bin/Release/net6.0/XunitCalculator.dll" adapterTypeName="executor://xunit/VsTestRunner2/netcoreapp" className="XunitCalculator.CalculatorXunitTests" name="Add_Theory" />
    </UnitTest>
    <UnitTest name="XunitCalculator.CalculatorXunitTests.Test_is_running_in_linux_container" storage="/app/bin/release/net6.0/xunitcalculator.dll" id="ed5f3631-fbe0-005e-17c4-caf7c29efb11">
      <Execution id="7acd789f-5e4a-4b40-810a-8d9c081805c1" />
      <TestMethod codeBase="/app/bin/Release/net6.0/XunitCalculator.dll" adapterTypeName="executor://xunit/VsTestRunner2/netcoreapp" className="XunitCalculator.CalculatorXunitTests" name="Test_is_running_in_linux_container" />
    </UnitTest>
    <UnitTest name="XunitCalculator.CalculatorXunitTests.Add_Theory(value1: -2147483648, value2: -1, expect: 2147483647)" storage="/app/bin/release/net6.0/xunitcalculator.dll" id="95de0467-1e67-73a4-5c5e-345052979729">
      <Execution id="7fb77234-2e26-49c9-b41f-afada329d3d6" />
      <TestMethod codeBase="/app/bin/Release/net6.0/XunitCalculator.dll" adapterTypeName="executor://xunit/VsTestRunner2/netcoreapp" className="XunitCalculator.CalculatorXunitTests" name="Add_Theory" />
    </UnitTest>
    <UnitTest name="XunitCalculator.CalculatorXunitTests.Add_Theory(value1: 2, value2: 3, expect: 5)" storage="/app/bin/release/net6.0/xunitcalculator.dll" id="597dd739-9412-5b03-ec0b-4efb542d8e2a">
      <Execution id="a8447ab9-de2f-4f82-94c4-0b6821222239" />
      <TestMethod codeBase="/app/bin/Release/net6.0/XunitCalculator.dll" adapterTypeName="executor://xunit/VsTestRunner2/netcoreapp" className="XunitCalculator.CalculatorXunitTests" name="Add_Theory" />
    </UnitTest>
  </TestDefinitions>
  <TestEntries>
    <TestEntry testId="2a071371-496d-21e2-8be6-6196a3d594bd" executionId="d73d34d9-6492-4b59-b915-c0c78bad15f5" testListId="8c84fa94-04c1-424b-9868-57a2d4851a1d" />
    <TestEntry testId="f0fc99a4-fb5b-141b-8f11-bec7cc72d8fc" executionId="b2a12e75-c05b-4a77-b62d-bd041e585b57" testListId="8c84fa94-04c1-424b-9868-57a2d4851a1d" />
    <TestEntry testId="50aac7f1-8d78-cdca-4a89-4535466fe633" executionId="48160d47-1d90-441d-9808-2ed30819b158" testListId="8c84fa94-04c1-424b-9868-57a2d4851a1d" />
    <TestEntry testId="328c0374-0fdb-e365-89ce-f7f00add9d08" executionId="378117a1-3dba-4a03-8dff-5b4060999203" testListId="8c84fa94-04c1-424b-9868-57a2d4851a1d" />
    <TestEntry testId="ed5f3631-fbe0-005e-17c4-caf7c29efb11" executionId="7acd789f-5e4a-4b40-810a-8d9c081805c1" testListId="8c84fa94-04c1-424b-9868-57a2d4851a1d" />
    <TestEntry testId="80fb8b4f-31a9-141e-d681-52a54611ea44" executionId="cd9907a1-85fc-453f-9646-ca2fac366051" testListId="8c84fa94-04c1-424b-9868-57a2d4851a1d" />
    <TestEntry testId="597dd739-9412-5b03-ec0b-4efb542d8e2a" executionId="a8447ab9-de2f-4f82-94c4-0b6821222239" testListId="8c84fa94-04c1-424b-9868-57a2d4851a1d" />
    <TestEntry testId="95de0467-1e67-73a4-5c5e-345052979729" executionId="7fb77234-2e26-49c9-b41f-afada329d3d6" testListId="8c84fa94-04c1-424b-9868-57a2d4851a1d" />
    <TestEntry testId="e2c1ce19-9dbd-6d4a-99b8-377e982158bf" executionId="713f5e65-056b-4ec0-9e2f-7d4b91d20542" testListId="8c84fa94-04c1-424b-9868-57a2d4851a1d" />
    <TestEntry testId="4b47dd48-ed7c-25b7-b0b9-3bd6538dba20" executionId="c6c581fc-b527-4fe3-b444-50cfa0c80ee0" testListId="8c84fa94-04c1-424b-9868-57a2d4851a1d" />
  </TestEntries>
  <TestLists>
    <TestList name="Results Not in a List" id="8c84fa94-04c1-424b-9868-57a2d4851a1d" />
    <TestList name="All Loaded Results" id="19431567-8539-422a-85d7-44ee4e166bda" />
  </TestLists>
  <ResultSummary outcome="Completed">
    <Counters total="10" executed="10" passed="10" failed="0" error="0" timeout="0" aborted="0" inconclusive="0" passedButRunAborted="0" notRunnable="0" notExecuted="0" disconnected="0" warning="0" completed="0" inProgress="0" pending="0" />
    <Output>
      <StdOut>[xUnit.net 00:00:00.00] xUnit.net VSTest Adapter v2.4.3+1b45f5407b (64-bit .NET 6.0.5)
[xUnit.net 00:00:00.37]   Discovering: XunitCalculator
[xUnit.net 00:00:00.40]   Discovered:  XunitCalculator
[xUnit.net 00:00:00.41]   Starting:    XunitCalculator
[xUnit.net 00:00:00.48]   Finished:    XunitCalculator
</StdOut>
    </Output>
  </ResultSummary>
</TestRun>